2026-09-28T17:30:22Z INF Thank you for trying Cloudflare Tunnel. Doing so, without a Cloudflare account, is a quick way to experiment and try it out. However, be aware that these account-less Tunnels have no uptime guarantee, are subject to the Cloudflare Online Services Terms of Use (https://www.cloudflare.com/website-terms/), and Cloudflare reserves the right to investigate your use of Tunnels for violations of such terms. If you intend to use Tunnels in production you should use a pre-created named tunnel by following: https://developers.cloudflare.com/cloudflare-one/connections/connect-apps
2026-09-28T17:30:22Z INF Requesting new quick Tunnel on trycloudflare.com...
2026-09-28T17:30:25Z INF +--------------------------------------------------------------------------------------------+
2026-09-28T17:30:25Z INF |  Your quick Tunnel has been created! Visit it at (it may take some time to be reachable):  |
2026-09-28T17:30:25Z INF |  https://corporate-promo-vacancies-organized.trycloudflare.com                             |
2026-09-28T17:30:25Z INF +--------------------------------------------------------------------------------------------+
2026-09-28T17:30:25Z INF Cannot determine default configuration path. No file [config.yml config.yaml] in [~/.cloudflared ~/.cloudflare-warp ~/cloudflare-warp]
2026-09-28T17:30:25Z INF Version 2026.9.3 (Checksum f096265ec2fcbe9bb6e2d64268db167ced3fcbb83d894bdb9e2fcdb26f2ea7e2)
2026-09-28T17:30:25Z INF GOOS: windows, GOVersion: go1.26.8, GoArch: amd64
2026-09-28T17:30:25Z INF Settings: map[ha-connections:1 no-autoupdate:true protocol:quic url:http://localhost:8000]
2026-09-28T17:30:25Z INF cloudflared will not automatically update on Windows systems.
2026-09-28T17:30:25Z INF Generated Connector ID: 018a1b45-7e5f-4f8c-9e37-6c0455062915
2026-09-28T17:30:25Z INF Initial protocol quic
2026-09-28T17:30:25Z INF ICMP proxy will use 192.168.1.20 as source for IPv4
2026-09-28T17:30:25Z INF ICMP proxy will use 2600:4808:42d6:3f00::700f in zone Беспроводная сеть as source for IPv6
2026-09-28T17:30:25Z INF cloudflared does not support loading the system root certificate pool on Windows. Please use --origin-ca-pool <PATH> to specify the path to the certificate pool
2026-09-28T17:30:25Z INF Tunnel connection curve preferences: [X25519MLKEM768 CurveID(65074) CurveP256] connIndex=0 event=0 ip=2606:4700:a8::10
2026-09-28T17:30:25Z INF ICMP proxy will use 192.168.1.20 as source for IPv4
2026-09-28T17:30:25Z INF ICMP proxy will use 2600:4808:42d6:3f00::700f in zone Беспроводная сеть as source for IPv6
2026-09-28T17:30:25Z INF Starting metrics server on 127.0.0.1:20241/metrics
2026-09-28T17:30:25Z INF +-------------------------------------------------------------------------------------+
2026-09-28T17:30:25Z INF |                               CONNECTIVITY PRE-CHECKS                               |
2026-09-28T17:30:25Z INF +-------------------------------------------------------------------------------------+
2026-09-28T17:30:25Z INF |  COMPONENT         TARGET                     STATUS  DETAILS                       |
2026-09-28T17:30:25Z INF |  DNS Resolution    region1.v2.argotunnel.com  PASS    DNS Resolved successfully     |
2026-09-28T17:30:25Z INF |  DNS Resolution    region2.v2.argotunnel.com  PASS    DNS Resolved successfully     |
2026-09-28T17:30:25Z INF |  UDP Connectivity  region1.v2.argotunnel.com  PASS    QUIC connection successful    |
2026-09-28T17:30:25Z INF |  UDP Connectivity  region2.v2.argotunnel.com  PASS    QUIC connection successful    |
2026-09-28T17:30:25Z INF |  TCP Connectivity  region1.v2.argotunnel.com  PASS    HTTP/2 connection successful  |
2026-09-28T17:30:25Z INF |  TCP Connectivity  region2.v2.argotunnel.com  PASS    HTTP/2 connection successful  |
2026-09-28T17:30:25Z INF |  Cloudflare API    api.cloudflare.com:443     PASS    API is reachable              |
2026-09-28T17:30:25Z INF |                                                                                     |
2026-09-28T17:30:25Z INF |  SUMMARY: Environment is healthy. cloudflared will use 'quic' as primary protocol.  |
2026-09-28T17:30:25Z INF +-------------------------------------------------------------------------------------+
2026-09-28T17:30:25Z INF precheck component="DNS Resolution" details="DNS Resolved successfully" run_id=b9c34117-0677-4e1f-a122-2bb847879f69 status=pass target=region1.v2.argotunnel.com
2026-09-28T17:30:25Z INF precheck component="DNS Resolution" details="DNS Resolved successfully" run_id=b9c34117-0677-4e1f-a122-2bb847879f69 status=pass target=region2.v2.argotunnel.com
2026-09-28T17:30:25Z INF precheck component="UDP Connectivity" details="QUIC connection successful" run_id=b9c34117-0677-4e1f-a122-2bb847879f69 status=pass target=region1.v2.argotunnel.com
2026-09-28T17:30:25Z INF precheck component="UDP Connectivity" details="QUIC connection successful" run_id=b9c34117-0677-4e1f-a122-2bb847879f69 status=pass target=region2.v2.argotunnel.com
2026-09-28T17:30:26Z INF precheck component="TCP Connectivity" details="HTTP/2 connection successful" run_id=b9c34117-0677-4e1f-a122-2bb847879f69 status=pass target=region1.v2.argotunnel.com
2026-09-28T17:30:26Z INF precheck component="TCP Connectivity" details="HTTP/2 connection successful" run_id=b9c34117-0677-4e1f-a122-2bb847879f69 status=pass target=region2.v2.argotunnel.com
2026-09-28T17:30:26Z INF precheck component="Cloudflare API" details="API is reachable" run_id=b9c34117-0677-4e1f-a122-2bb847879f69 status=pass target=api.cloudflare.com:443
2026-09-28T17:30:26Z INF precheck complete hard_fail=false run_id=b9c34117-0677-4e1f-a122-2bb847879f69 suggested_protocol=quic
2026-09-28T17:30:26Z INF Registered tunnel connection connIndex=0 connection=9c1ab85e-792a-4cbf-88fa-be51f9a0e57a event=0 ip=2606:4700:a8::10 location=iad21 protocol=quic
2026-09-28T17:34:08Z ERR Serve tunnel error error="accept stream listener error: failed to accept QUIC stream: timeout: no recent network activity" connIndex=0 event=0 ip=2606:4700:a8::10
2026-09-28T17:34:08Z INF Retrying connection in up to 2s connIndex=0 event=0 ip=2606:4700:a8::10
2026-09-28T17:34:10Z INF Tunnel connection curve preferences: [X25519MLKEM768 CurveID(65074) CurveP256] connIndex=0 event=0 ip=198.41.200.43
2026-09-28T17:34:11Z INF Registered tunnel connection connIndex=0 connection=0376d56a-1912-4d36-893f-9a474de4e24d event=0 ip=198.41.200.43 location=iad19 protocol=quic
2026-09-28T17:36:37Z ERR Serve tunnel error error="accept stream listener error: failed to accept QUIC stream: timeout: no recent network activity" connIndex=0 event=0 ip=198.41.200.43
2026-09-28T17:36:37Z INF Retrying connection in up to 2s connIndex=0 event=0 ip=198.41.200.43
2026-09-28T17:36:38Z INF Tunnel connection curve preferences: [X25519MLKEM768 CurveID(65074) CurveP256] connIndex=0 event=0 ip=2606:4700:a0::8
2026-09-28T17:36:39Z INF Registered tunnel connection connIndex=0 connection=d7dc3917-1870-449d-bd9c-c68c32840dbf event=0 ip=2606:4700:a0::8 location=iad17 protocol=quic
